<?xml version="1.0" encoding="utf-8"?><testsuites><testsuite name="pytest" errors="0" failures="0" skipped="0" tests="26" time="3.329" timestamp="2025-11-10T23:20:36.154973" hostname="LAPTOP-6217FVEC"><testcase classname="test_app.TestHealthChecks" name="test_health_endpoint" time="0.038" /><testcase classname="test_app.TestHealthChecks" name="test_metrics_endpoint" time="0.006" /><testcase classname="test_app.TestCalculations" name="test_calculate_bmi" time="0.003" /><testcase classname="test_app.TestCalculations" name="test_calculate_bmr_male" time="0.003" /><testcase classname="test_app.TestCalculations" name="test_calculate_bmr_female" time="0.003" /><testcase classname="test_app.TestCalculations" name="test_calculate_calories" time="0.003" /><testcase classname="test_app.TestAuthentication" name="test_index_page" time="0.039" /><testcase classname="test_app.TestAuthentication" name="test_register_get" time="0.032" /><testcase classname="test_app.TestAuthentication" name="test_register_post_success" time="0.013" /><testcase classname="test_app.TestAuthentication" name="test_register_duplicate_user" time="0.016" /><testcase classname="test_app.TestAuthentication" name="test_register_missing_fields" time="0.019" /><testcase classname="test_app.TestAuthentication" name="test_login_success" time="0.023" /><testcase classname="test_app.TestAuthentication" name="test_login_nonexistent_user" time="0.012" /><testcase classname="test_app.TestAuthentication" name="test_logout" time="0.022" /><testcase classname="test_app.TestWorkoutManagement" name="test_add_workout_success" time="0.014" /><testcase classname="test_app.TestWorkoutManagement" name="test_add_workout_invalid_duration" time="0.017" /><testcase classname="test_app.TestWorkoutManagement" name="test_workout_summary" time="0.020" /><testcase classname="test_app.TestWorkoutManagement" name="test_workout_progress" time="0.025" /><testcase classname="test_app.TestPages" name="test_dashboard_requires_login" time="0.012" /><testcase classname="test_app.TestPages" name="test_dashboard_with_login" time="0.035" /><testcase classname="test_app.TestPages" name="test_workout_plan_page" time="0.139" /><testcase classname="test_app.TestPages" name="test_diet_guide_page" time="0.057" /><testcase classname="test_app.TestPages" name="test_404_error" time="0.047" /><testcase classname="test_app.TestAPIEndpoints" name="test_user_profile" time="0.013" /><testcase classname="test_app.TestWorkoutCategories" name="test_warmup_category" time="0.010" /><testcase classname="test_app.TestWorkoutCategories" name="test_cooldown_category" time="0.011" /></testsuite></testsuites>